                                                                                
                                                                                
                                                                                
                                                                                
                                                                                
                                                                                
                                                                                
                                                                                
                                                                                

[1;38;2;211;175;55m  ____     ___    _  __  _____   ____    _   _    ___    _       _____[0m          
[1;38;2;211;175;55m |  _ \   / _ \  | |/ / | ____| |  _ \  | | | |  / _ \  | |     | ____|[0m         
[1;38;2;211;175;55m | |_) | | | | | | ' /  |  _|   | |_) | | |_| | | | | | | |     |  _|[0m           
[1;38;2;211;175;55m |  __/  | |_| | | . \  | |___  |  _ <  |  _  | | |_| | | |___  | |___[0m          
[1;38;2;211;175;55m |_|      \___/  |_|\_\ |_____| |_| \_\ |_| |_|  \___/  |_____| |_____|[0m         
                           [38;2;154;160;166mT E X A S   H O L D ' E M[0m                            

                          [38;2;154;160;166mì•„ë¬´ í‚¤ë‚˜ ëˆŒëŸ¬ ë°”ë¡œ ì‹œìž‘í•˜ê¸°[0m                          
                                                                                
                                                                                
                                                                                
                                                                                
                                                                                
                                                                                
                                                                                
                                                                                
                                                                                
                                                                                