                           [38;2;154;160;166mT E X A S   H O L D ' E M[0m                            