                           [38;2;184;150;15mT E X A S   H O L D ' E M[0m                            