                           [38;2;211;175;55mT E X A S   H O L D ' E M[0m                            