                                        [38;2;154;160;166m[0m                                        