                             [38;2;154;160;166mPress any key to start[0m                             