                                                                                
                                                                                
                                                                                
                                                                                
                                                                                
                                                                                
                                                                                
                                                                                
                                                                                
                                                                                
                                                                                
                                                                                



                          [38;2;154;160;166mì•„ë¬´ í‚¤ë‚˜ ëˆŒëŸ¬ ë°”ë¡œ ì‹œìž‘í•˜ê¸°[0m                          
                                                                                
                                                                                
                                                                                
                                                                                
                                                                                
                                                                                
                                                                                
                                                                                
                                                                                
                                                                                
                                                                                
                                                                                