[1;38;2;211;175;55m   ____    ___[0m                                                                  
[1;38;2;211;175;55m  / ___|  / _ \[0m                                                                 
[1;38;2;211;175;55m | |  _  | | | |[0m                                                                
[1;38;2;211;175;55m | |_| | | |_| |[0m                                                                
[1;38;2;211;175;55m  \____|  \___/[0m                                                                 