[1;38;2;211;175;55m  _   _   _____   _       _        ___[0m                                          
[1;38;2;211;175;55m | | | | | ____| | |     | |      / _ \[0m                                         
[1;38;2;211;175;55m | |_| | |  _|   | |     | |     | | | |[0m                                        
[1;38;2;211;175;55m |  _  | | |___  | |___  | |___  | |_| |[0m                                        
[1;38;2;211;175;55m |_| |_| |_____| |_____| |_____|  \___/[0m                                         