[1;38;2;211;175;55m  ____[0m                                                                          
[1;38;2;211;175;55m |  _ \[0m                                                                         
[1;38;2;211;175;55m | |_) |[0m                                                                        
[1;38;2;211;175;55m |  __/[0m                                                                         
[1;38;2;211;175;55m |_|[0m                                                                            