[1;38;2;211;175;55m  ____     ___[0m                                                                  
[1;38;2;211;175;55m |  _ \   / _ \[0m                                                                 
[1;38;2;211;175;55m | |_) | | | | |[0m                                                                
[1;38;2;211;175;55m |  __/  | |_| |[0m                                                                
[1;38;2;211;175;55m |_|      \___/[0m                                                                 