[1;38;2;211;175;55m  ____     ___    _  __[0m                                                         
[1;38;2;211;175;55m |  _ \   / _ \  | |/ /[0m                                                         
[1;38;2;211;175;55m | |_) | | | | | | ' /[0m                                                          
[1;38;2;211;175;55m |  __/  | |_| | | . \[0m                                                          
[1;38;2;211;175;55m |_|      \___/  |_|\_\[0m                                                         