[1;38;2;211;175;55m  ____     ___    _  __  _____   ____[0m                                           
[1;38;2;211;175;55m |  _ \   / _ \  | |/ / | ____| |  _ \[0m                                          
[1;38;2;211;175;55m | |_) | | | | | | ' /  |  _|   | |_) |[0m                                         
[1;38;2;211;175;55m |  __/  | |_| | | . \  | |___  |  _ <[0m                                          
[1;38;2;211;175;55m |_|      \___/  |_|\_\ |_____| |_| \_\[0m                                         