[1;38;2;211;175;55m  ____     ___    _  __  _____   ____    _   _    ___[0m                           
[1;38;2;211;175;55m |  _ \   / _ \  | |/ / | ____| |  _ \  | | | |  / _ \[0m                          
[1;38;2;211;175;55m | |_) | | | | | | ' /  |  _|   | |_) | | |_| | | | | |[0m                         
[1;38;2;211;175;55m |  __/  | |_| | | . \  | |___  |  _ <  |  _  | | |_| |[0m                         
[1;38;2;211;175;55m |_|      \___/  |_|\_\ |_____| |_| \_\ |_| |_|  \___/[0m                          